// Jest Snapshot v1, https://goo.gl/fbAQLP

exports[`NotMatch renders correctly 1`] = `
<div>
  <h3>
    No match for this page
  </h3>
</div>
`;
