// Jest Snapshot v1, https://goo.gl/fbAQLP

exports[`Home renders correctly 1`] = `
<div
  className="container"
>
  <h3>
    Mathematics is not about numbers, equations, computations, or algothrims: it is about understanding. - William Paul Thurston
  </h3>
</div>
`;
